#-----------------------------------------------------------
# Vivado v2021.2 (64-bit)
# SW Build 3367213 on Tue Oct 19 02:48:09 MDT 2021
# IP Build 3369179 on Thu Oct 21 08:25:16 MDT 2021
# Start of session at: Wed Jul  6 14:21:18 2022
# Process ID: 91884
# Current directory: D:/repos/red_pitaya_opo_locking/updated_RePLIA_vivado_project/VivadoProject/Lock_In_Red_pitaya/Lock_In_Red_pitaya.runs/synth_1
# Command line: vivado.exe -log FirstDraftBD_wrapper.vds -product Vivado -mode batch -messageDb vivado.pb -notrace -source FirstDraftBD_wrapper.tcl
# Log file: D:/repos/red_pitaya_opo_locking/updated_RePLIA_vivado_project/VivadoProject/Lock_In_Red_pitaya/Lock_In_Red_pitaya.runs/synth_1/FirstDraftBD_wrapper.vds
# Journal file: D:/repos/red_pitaya_opo_locking/updated_RePLIA_vivado_project/VivadoProject/Lock_In_Red_pitaya/Lock_In_Red_pitaya.runs/synth_1\vivado.jou
# Running On: NLO, OS: Windows, CPU Frequency: 2295 MHz, CPU Physical cores: 16, Host memory: 549385 MB
#-----------------------------------------------------------
source FirstDraftBD_wrapper.tcl -notrace
