14:28:11 **** Incremental Build of configuration Debug for project example_opo ****
make all 
make --no-print-directory pre-build
a9-linaro-pre-build-step
' '
make --no-print-directory main-build
'Building file: ../src/helloworld.c'
'Invoking: ARM v7 gcc compiler'
arm-none-eabi-gcc -Wall -O0 -g3 -c -fmessage-length=0 -MT"src/helloworld.o" -mcpu=cortex-a9 -mfpu=vfpv3 -mfloat-abi=hard -ID:/repos/red_pitaya_opo_locking/updated_RePLIA_vivado_project/VitisWorkspace/opo_locking/export/opo_locking/sw/opo_locking/standalone_domain/bspinclude/include -MMD -MP -MF"src/helloworld.d" -MT"src/helloworld.o" -o "src/helloworld.o" "../src/helloworld.c"
'Finished building: ../src/helloworld.c'
' '
'Building target: example_opo.elf'
'Invoking: ARM v7 gcc linker'
arm-none-eabi-gcc -mcpu=cortex-a9 -mfpu=vfpv3 -mfloat-abi=hard -Wl,-build-id=none -specs=Xilinx.spec -Wl,-T -Wl,../src/lscript.ld -LD:/repos/red_pitaya_opo_locking/updated_RePLIA_vivado_project/VitisWorkspace/opo_locking/export/opo_locking/sw/opo_locking/standalone_domain/bsplib/lib -o "example_opo.elf"  ./src/helloworld.o ./src/platform.o   -Wl,--start-group,-lxil,-lgcc,-lc,--end-group
'Finished building target: example_opo.elf'
' '
'Invoking: ARM v7 Print Size'
arm-none-eabi-size example_opo.elf  |tee "example_opo.elf.size"
   text	   data	    bss	    dec	    hex	filename
  20964	   1160	  22600	  44724	   aeb4	example_opo.elf
'Finished building: example_opo.elf.size'
' '

14:28:13 Build Finished (took 1s.717ms)

