
12:39:11 Build Finished (took 14s.752ms)

12:39:11 **** Clean-only build of configuration Debug for project holamundo ****
make clean 
rm -rf  ./src/helloworld.o ./src/platform.o  ./src/helloworld.d ./src/platform.d  holamundo.elf.size  holamundo.elf
' '
12:39:20 **** Incremental Build of configuration Debug for project holamundo ****
make all 
make --no-print-directory pre-build
a9-linaro-pre-build-step
' '
make --no-print-directory main-build
'Building file: ../src/helloworld.c'
'Invoking: ARM v7 gcc compiler'
arm-none-eabi-gcc -Wall -O0 -g3 -c -fmessage-length=0 -MT"src/helloworld.o" -mcpu=cortex-a9 -mfpu=vfpv3 -mfloat-abi=hard -ID:/repos/red_pitaya_opo_locking/vitis_workspace3/testdebugger/export/testdebugger/sw/testdebugger/standalone_domain/bspinclude/include -MMD -MP -MF"src/helloworld.d" -MT"src/helloworld.o" -o "src/helloworld.o" "../src/helloworld.c"
'Finished building: ../src/helloworld.c'
' '
'Building file: ../src/platform.c'
'Invoking: ARM v7 gcc compiler'
arm-none-eabi-gcc -Wall -O0 -g3 -c -fmessage-length=0 -MT"src/platform.o" -mcpu=cortex-a9 -mfpu=vfpv3 -mfloat-abi=hard -ID:/repos/red_pitaya_opo_locking/vitis_workspace3/testdebugger/export/testdebugger/sw/testdebugger/standalone_domain/bspinclude/include -MMD -MP -MF"src/platform.d" -MT"src/platform.o" -o "src/platform.o" "../src/platform.c"
'Finished building: ../src/platform.c'
' '
'Building target: holamundo.elf'
'Invoking: ARM v7 gcc linker'
arm-none-eabi-gcc -mcpu=cortex-a9 -mfpu=vfpv3 -mfloat-abi=hard -Wl,-build-id=none -specs=Xilinx.spec -Wl,-T -Wl,../src/lscript.ld -LD:/repos/red_pitaya_opo_locking/vitis_workspace3/testdebugger/export/testdebugger/sw/testdebugger/standalone_domain/bsplib/lib -o "holamundo.elf"  ./src/helloworld.o ./src/platform.o   -Wl,--start-group,-lxil,-lgcc,-lc,--end-group
'Finished building target: holamundo.elf'
' '
'Invoking: ARM v7 Print Size'
arm-none-eabi-size holamundo.elf  |tee "holamundo.elf.size"
   text	   data	    bss	    dec	    hex	filename
  23770	   1160	  22600	  47530	   b9aa	holamundo.elf
'Finished building: holamundo.elf.size'
' '
12:39:24 **** Incremental Build of configuration Debug for project holamundo_system ****
make all 
Generating bif file for the system project
generate_system_bif.bat 51954 D:/repos/red_pitaya_opo_locking/vitis_workspace3/testdebugger/export/testdebugger/testdebugger.xpfm standalone_domain D:/repos/red_pitaya_opo_locking/vitis_workspace3/holamundo_system/Debug/system.bif
sdcard_gen --xpfm D:/repos/red_pitaya_opo_locking/vitis_workspace3/testdebugger/export/testdebugger/testdebugger.xpfm --sys_config testdebugger --bif D:/repos/red_pitaya_opo_locking/vitis_workspace3/holamundo_system/Debug/system.bif --bitstream D:/repos/red_pitaya_opo_locking/vitis_workspace3/holamundo/_ide/bitstream/design_7_wrapper.bit --elf D:/repos/red_pitaya_opo_locking/vitis_workspace3/holamundo/Debug/holamundo.elf,ps7_cortexa9_0
creating BOOT.BIN using D:/repos/red_pitaya_opo_locking/vitis_workspace3/holamundo/_ide/bitstream/design_7_wrapper.bit
Running C:/Xilinx/Vitis/2021.2/bin/bootgen  -image D:/repos/red_pitaya_opo_locking/vitis_workspace3/holamundo_system/Debug/sd_card_temp/boot.bif -w -o i BOOT.BIN
Nothing to build in platform 'testdebugger'

